// Jest Snapshot v1, https://goo.gl/fbAQLP

exports[`map helper getMarkers() should calculate the entity markers based on template data 1`] = `
Array [
  Object {
    "label": "geoPropertyLabel",
    "latitude": 7,
    "longitude": 13,
    "properties": Object {
      "color": 0,
      "entity": Object {
        "metadata": Object {
          "geoProperty": Array [
            Object {
              "lat": 7,
              "lon": 13,
            },
            Object {
              "label": "home",
              "lat": 13,
              "lon": 7,
            },
          ],
          "secondGeoProperty": Array [
            Object {
              "lat": 5,
              "lon": 13,
            },
          ],
        },
        "template": "t1",
      },
      "info": undefined,
    },
  },
  Object {
    "label": "geoPropertyLabel",
    "latitude": 13,
    "longitude": 7,
    "properties": Object {
      "color": 0,
      "entity": Object {
        "metadata": Object {
          "geoProperty": Array [
            Object {
              "lat": 7,
              "lon": 13,
            },
            Object {
              "label": "home",
              "lat": 13,
              "lon": 7,
            },
          ],
          "secondGeoProperty": Array [
            Object {
              "lat": 5,
              "lon": 13,
            },
          ],
        },
        "template": "t1",
      },
      "info": "home",
    },
  },
  Object {
    "label": "secondGeoPropertyLabel",
    "latitude": 5,
    "longitude": 13,
    "properties": Object {
      "color": 0,
      "entity": Object {
        "metadata": Object {
          "geoProperty": Array [
            Object {
              "lat": 7,
              "lon": 13,
            },
            Object {
              "label": "home",
              "lat": 13,
              "lon": 7,
            },
          ],
          "secondGeoProperty": Array [
            Object {
              "lat": 5,
              "lon": 13,
            },
          ],
        },
        "template": "t1",
      },
      "info": undefined,
    },
  },
  Object {
    "label": "geoPropertyLabel",
    "latitude": 5,
    "longitude": 22,
    "properties": Object {
      "color": 0,
      "entity": Object {
        "metadata": Object {
          "geoProperty": Array [
            Object {
              "lat": 5,
              "lon": 22,
            },
          ],
          "secondGeoProperty": null,
        },
        "template": "t1",
      },
      "info": undefined,
    },
  },
  Object {
    "label": "anotherGeoPropertyLabel",
    "latitude": 2018,
    "longitude": 6,
    "properties": Object {
      "color": 1,
      "entity": Object {
        "metadata": Object {
          "anotherGeoProperty": Array [
            Object {
              "lat": 2018,
              "lon": 6,
            },
          ],
        },
        "template": "t2",
      },
      "info": undefined,
    },
  },
]
`;
