// Jest Snapshot v1, https://goo.gl/fbAQLP

exports[`ActivitylogForm should render a form 1`] = `
<div
  className="activity-log-form"
>
  <LocalForm
    initialState={Object {}}
    model="local"
    onSubmit={[Function]}
  >
    <div
      className="form-group col-lg-4"
    >
      <label
        htmlFor="limit"
      >
        Limit
      </label>
      <DefaultConnectedControlText
        className="form-control"
        id="limit"
        model=".limit"
      />
    </div>
    <div
      className="form-group col-lg-4"
    >
      <label
        htmlFor="url"
      >
        Url
      </label>
      <DefaultConnectedControlText
        className="form-control"
        id="url"
        model=".url"
      />
    </div>
    <div
      className="form-group col-lg-4"
    >
      <label
        htmlFor="url"
      >
        User
      </label>
      <DefaultConnectedControlText
        className="form-control"
        id="username"
        model=".username"
      />
    </div>
    <div
      className="form-group col-lg-4"
    >
      <label
        htmlFor="method"
      >
        Method
      </label>
      <MultiSelect
        model=".method"
        options={
          Array [
            Object {
              "label": "POST",
              "value": "POST",
            },
            Object {
              "label": "GET",
              "value": "GET",
            },
            Object {
              "label": "PUT",
              "value": "PUT",
            },
            Object {
              "label": "DELETE",
              "value": "DELETE",
            },
          ]
        }
      />
    </div>
    <div
      className="form-group col-lg-4"
    >
      <label
        htmlFor="time"
      >
        Time
      </label>
      <DateRange
        className="form-control"
        format="dd/MM/yyyy HH:mm"
        id="time"
        model=".time"
        showTimeSelect={true}
      />
    </div>
    <div
      className="col-lg-4"
    >
      <div
        className="form-group"
      >
        <label
          htmlFor="url"
        >
          Query
        </label>
        <DefaultConnectedControlText
          className="form-control"
          id="query"
          model=".query"
        />
      </div>
      <div
        className="form-group"
      >
        <label
          htmlFor="url"
        >
          Body
        </label>
        <DefaultConnectedControlText
          className="form-control"
          id="body"
          model=".body"
        />
      </div>
    </div>
    <div
      className="col-lg-12"
    >
      <input
        className="btn btn-success"
        type="submit"
        value="Search"
      />
    </div>
  </LocalForm>
</div>
`;
